Archive member included to satisfy reference by file (symbol)

/Applications/SEGGER Embedded Studio for ARM 4.22/lib/libc_v7em_fpv4_sp_d16_hard_t_le_eabi.a(libc2.o)
                              Output/ZERO Debug/Obj/SEGGER_RTT_SES.o (vsnprintf)
/Applications/SEGGER Embedded Studio for ARM 4.22/lib/libc_v7em_fpv4_sp_d16_hard_t_le_eabi.a(libc2_asm.o)
                              Output/ZERO Debug/Obj/SEGGER_RTT.o (memcpy)
/Applications/SEGGER Embedded Studio for ARM 4.22/lib/libc_v7em_fpv4_sp_d16_hard_t_le_eabi.a(libc.o)
                              /Applications/SEGGER Embedded Studio for ARM 4.22/lib/libc_v7em_fpv4_sp_d16_hard_t_le_eabi.a(libc2.o) (__heap_lock)
/Applications/SEGGER Embedded Studio for ARM 4.22/lib/libc_v7em_fpv4_sp_d16_hard_t_le_eabi.a(libc_asm.o)
                              /Applications/SEGGER Embedded Studio for ARM 4.22/lib/libc_v7em_fpv4_sp_d16_hard_t_le_eabi.a(libc2.o) (__aeabi_uldivmod)
/Applications/SEGGER Embedded Studio for ARM 4.22/lib/libdebugio_v7em_fpv4_sp_d16_hard_t_le_eabi.a(libdebugio.o)
                              Output/ZERO Debug/Obj/thumb_crt0.o (debug_fopen)
/Applications/SEGGER Embedded Studio for ARM 4.22/lib/libdebugio_mempoll_v7em_fpv4_sp_d16_hard_t_le_eabi.a(mempoll_debug_operations.o)
                              /Applications/SEGGER Embedded Studio for ARM 4.22/lib/libdebugio_v7em_fpv4_sp_d16_hard_t_le_eabi.a(libdebugio.o) (__do_debug_operation)
/Applications/SEGGER Embedded Studio for ARM 4.22/lib/libdebugio_mempoll_v7em_fpv4_sp_d16_hard_t_le_eabi.a(do_nv_debug_operation.o)
                              /Applications/SEGGER Embedded Studio for ARM 4.22/lib/libdebugio_v7em_fpv4_sp_d16_hard_t_le_eabi.a(libdebugio.o) (__do_nvdebug_operation)
/Applications/SEGGER Embedded Studio for ARM 4.22/lib/libm_v7em_fpv4_sp_d16_hard_t_le_eabi.a(libm_asm.o)
                              /Applications/SEGGER Embedded Studio for ARM 4.22/lib/libc_v7em_fpv4_sp_d16_hard_t_le_eabi.a(libc2.o) (__aeabi_i2d)
/Applications/SEGGER Embedded Studio for ARM 4.22/lib/libm_v7em_fpv4_sp_d16_hard_t_le_eabi.a(libm2.o)
                              /Applications/SEGGER Embedded Studio for ARM 4.22/lib/libvfprintf_v7em_fpv4_sp_d16_hard_t_le_eabi.o (frexp)
/Applications/SEGGER Embedded Studio for ARM 4.22/lib/libm_v7em_fpv4_sp_d16_hard_t_le_eabi.a(libm2_asm.o)
                              /Applications/SEGGER Embedded Studio for ARM 4.22/lib/libm_v7em_fpv4_sp_d16_hard_t_le_eabi.a(libm2.o) (fabs)

Discarded input sections

 .group         0x0000000000000000        0xc Output/ZERO Debug/Obj/system_nrf52840.o
 .group         0x0000000000000000        0xc Output/ZERO Debug/Obj/system_nrf52840.o
 .group         0x0000000000000000        0xc Output/ZERO Debug/Obj/system_nrf52840.o
 .group         0x0000000000000000        0xc Output/ZERO Debug/Obj/system_nrf52840.o
 .group         0x0000000000000000        0xc Output/ZERO Debug/Obj/system_nrf52840.o
 .group         0x0000000000000000        0xc Output/ZERO Debug/Obj/system_nrf52840.o
 .group         0x0000000000000000        0xc Output/ZERO Debug/Obj/system_nrf52840.o
 .group         0x0000000000000000        0xc Output/ZERO Debug/Obj/system_nrf52840.o
 .group         0x0000000000000000        0xc Output/ZERO Debug/Obj/system_nrf52840.o
 .group         0x0000000000000000        0xc Output/ZERO Debug/Obj/system_nrf52840.o
 .group         0x0000000000000000        0xc Output/ZERO Debug/Obj/system_nrf52840.o
 .group         0x0000000000000000        0xc Output/ZERO Debug/Obj/system_nrf52840.o
 .group         0x0000000000000000        0xc Output/ZERO Debug/Obj/system_nrf52840.o
 .text          0x0000000000000000        0x0 Output/ZERO Debug/Obj/system_nrf52840.o
 .data          0x0000000000000000        0x0 Output/ZERO Debug/Obj/system_nrf52840.o
 .bss           0x0000000000000000        0x0 Output/ZERO Debug/Obj/system_nrf52840.o
 .init          0x0000000000000000        0x0 Output/ZERO Debug/Obj/system_nrf52840.o
 .group         0x0000000000000000        0xc Output/ZERO Debug/Obj/SEGGER_RTT.o
 .group         0x0000000000000000        0xc Output/ZERO Debug/Obj/SEGGER_RTT.o
 .group         0x0000000000000000        0xc Output/ZERO Debug/Obj/SEGGER_RTT.o
 .group         0x0000000000000000        0xc Output/ZERO Debug/Obj/SEGGER_RTT.o
 .group         0x0000000000000000        0xc Output/ZERO Debug/Obj/SEGGER_RTT.o
 .group         0x0000000000000000        0xc Output/ZERO Debug/Obj/SEGGER_RTT.o
 .text          0x0000000000000000        0x0 Output/ZERO Debug/Obj/SEGGER_RTT.o
 .data          0x0000000000000000        0x0 Output/ZERO Debug/Obj/SEGGER_RTT.o
 .bss           0x0000000000000000        0x0 Output/ZERO Debug/Obj/SEGGER_RTT.o
 .data._aTerminalId
                0x0000000000000000       0x10 Output/ZERO Debug/Obj/SEGGER_RTT.o
 .bss._SEGGER_RTT
                0x0000000000000000       0x78 Output/ZERO Debug/Obj/SEGGER_RTT.o
 .bss._acUpBuffer
                0x0000000000000000      0x800 Output/ZERO Debug/Obj/SEGGER_RTT.o
 .bss._acDownBuffer
[...]
Memory Configuration

Name             Origin             Length             Attributes
UNPLACED_SECTIONS 0x0000000100000000 0x0000000000000000 xw
RAM              0x0000000020000000 0x0000000000040000 xw
FLASH            0x0000000000000000 0x0000000000100000 xr
*default*        0x0000000000000000 0xffffffffffffffff

Linker script and memory map

                0x0000000000000000                __vfprintf = __vfprintf_int_nwp
                0x0000000000000000                __vfscanf = __vfscanf_int
                0x0000000020000000                __RAM_segment_start__ = 0x20000000
                0x0000000020040000                __RAM_segment_end__ = 0x20040000
                0x0000000000040000                __RAM_segment_size__ = 0x40000
                0x0000000000000000                __FLASH_segment_start__ = 0x0
                0x0000000000100000                __FLASH_segment_end__ = 0x100000
                0x0000000000100000                __FLASH_segment_size__ = 0x100000
                0x0000000000002000                __HEAPSIZE__ = 0x2000
                0x0000000000000000                __STACKSIZE_PROCESS__ = 0x0
                0x0000000000002000                __STACKSIZE__ = 0x2000
                0x0000000020000000                __vectors_ram_load_start__ = ALIGN (__RAM_segment_start__, 0x100)

.vectors_ram    0x0000000020000000        0x0
                0x0000000020000000                __vectors_ram_start__ = .
 *(.vectors_ram .vectors_ram.*)
                0x0000000020000000                __vectors_ram_end__ = (__vectors_ram_start__ + SIZEOF (.vectors_ram))
                0x0000000000000000                __vectors_ram_size__ = SIZEOF (.vectors_ram)
                0x0000000020000000                __vectors_ram_load_end__ = __vectors_ram_end__
                0x0000000000000001                . = ASSERT (((__vectors_ram_start__ == __vectors_ram_end__) || ((__vectors_ram_end__ - __RAM_segment_start__) <= __RAM_segment_size__)), error: .vectors_ram is too large to fit in RAM memory segment)
                0x0000000000000000                __vectors_load_start__ = ALIGN (__FLASH_segment_start__, 0x100)

.vectors        0x0000000000000000       0xf8
                0x0000000000000000                __vectors_start__ = .
 *(.vectors .vectors.*)
 .vectors       0x0000000000000000       0xf8 Output/ZERO Debug/Obj/ses_nrf52840_Vectors.o
                0x0000000000000000                _vectors
                0x00000000000000f8                __vectors_end__ = (__vectors_start__ + SIZEOF (.vectors))
                0x00000000000000f8                __vectors_size__ = SIZEOF (.vectors)
                0x00000000000000f8                __vectors_load_end__ = __vectors_end__
                0x0000000000000001                . = ASSERT (((__vectors_start__ == __vectors_end__) || ((__vectors_end__ - __FLASH_segment_start__) <= __FLASH_segment_size__)), error: .vectors is too large to fit in FLASH memory segment)
                0x00000000000000f8                __init_load_start__ = ALIGN (__vectors_end__, 0x4)

.init           0x00000000000000f8      0x4ec
                0x00000000000000f8                __init_start__ = .
 *(.init .init.*)
 .init.SystemCoreClockUpdate
                0x00000000000000f8       0x14 Output/ZERO Debug/Obj/system_nrf52840.o
                0x00000000000000f8                SystemCoreClockUpdate
 .init.SystemInit
                0x000000000000010c      0x1dc Output/ZERO Debug/Obj/system_nrf52840.o
                0x000000000000010c                SystemInit
 .init.errata_36
                0x00000000000002e8       0x24 Output/ZERO Debug/Obj/system_nrf52840.o
 .init.errata_66
                0x000000000000030c       0x24 Output/ZERO Debug/Obj/system_nrf52840.o
 .init.errata_98
                0x0000000000000330       0x24 Output/ZERO Debug/Obj/system_nrf52840.o
 .init.errata_103
                0x0000000000000354       0x24 Output/ZERO Debug/Obj/system_nrf52840.o
 .init.errata_115
                0x0000000000000378       0x24 Output/ZERO Debug/Obj/system_nrf52840.o
 .init.errata_120
                0x000000000000039c       0x24 Output/ZERO Debug/Obj/system_nrf52840.o
 .init.errata_136
                0x00000000000003c0       0x24 Output/ZERO Debug/Obj/system_nrf52840.o
 .init          0x00000000000003e4      0x154 Output/ZERO Debug/Obj/thumb_crt0.o
                0x00000000000003e4                _start
                0x0000000000000494                exit
 .init          0x0000000000000538       0x40 Output/ZERO Debug/Obj/ses_nRF_Startup.o
                0x0000000000000538                Reset_Handler
 .init          0x0000000000000578       0x6c Output/ZERO Debug/Obj/ses_nrf52840_Vectors.o
                0x0000000000000578                NMI_Handler
                0x000000000000057a                HardFault_Handler
                0x000000000000057c                MemoryManagement_Handler
                0x000000000000057e                BusFault_Handler
                0x0000000000000580                UsageFault_Handler
                0x0000000000000582                SVC_Handler
                0x0000000000000584                DebugMon_Handler
                0x0000000000000586                PendSV_Handler
                0x0000000000000588                SysTick_Handler
                0x000000000000058c                POWER_CLOCK_IRQHandler
                0x000000000000058e                RADIO_IRQHandler
                0x0000000000000590                UARTE0_UART0_IRQHandler
                0x0000000000000592                SPIM0_SPIS0_TWIM0_TWIS0_SPI0_TWI0_IRQHandler
                0x0000000000000594                SPIM1_SPIS1_TWIM1_TWIS1_SPI1_TWI1_IRQHandler
                0x0000000000000596                NFCT_IRQHandler
                0x0000000000000598                GPIOTE_IRQHandler
                0x000000000000059a                SAADC_IRQHandler
                0x000000000000059c                TIMER0_IRQHandler
                0x000000000000059e                TIMER1_IRQHandler
                0x00000000000005a0                TIMER2_IRQHandler
                0x00000000000005a2                RTC0_IRQHandler
                0x00000000000005a4                TEMP_IRQHandler
                0x00000000000005a6                RNG_IRQHandler
                0x00000000000005a8                ECB_IRQHandler
                0x00000000000005aa                CCM_AAR_IRQHandler
                0x00000000000005ac                WDT_IRQHandler
                0x00000000000005ae                RTC1_IRQHandler
                0x00000000000005b0                QDEC_IRQHandler
                0x00000000000005b2                COMP_LPCOMP_IRQHandler
                0x00000000000005b4                SWI0_EGU0_IRQHandler
                0x00000000000005b6                SWI1_EGU1_IRQHandler
                0x00000000000005b8                SWI2_EGU2_IRQHandler
                0x00000000000005ba                SWI3_EGU3_IRQHandler
                0x00000000000005bc                SWI4_EGU4_IRQHandler
                0x00000000000005be                SWI5_EGU5_IRQHandler
                0x00000000000005c0                TIMER3_IRQHandler
                0x00000000000005c2                TIMER4_IRQHandler
                0x00000000000005c4                PWM0_IRQHandler
                0x00000000000005c6                PDM_IRQHandler
                0x00000000000005c8                MWU_IRQHandler
                0x00000000000005ca                PWM1_IRQHandler
                0x00000000000005cc                PWM2_IRQHandler
                0x00000000000005ce                SPIM2_SPIS2_SPI2_IRQHandler
                0x00000000000005d0                RTC2_IRQHandler
                0x00000000000005d2                I2S_IRQHandler
                0x00000000000005d4                FPU_IRQHandler
                0x00000000000005d6                USBD_IRQHandler
                0x00000000000005d8                UARTE1_IRQHandler
                0x00000000000005da                QSPI_IRQHandler
                0x00000000000005dc                CRYPTOCELL_IRQHandler
                0x00000000000005de                SPIM3_IRQHandler
                0x00000000000005e0                PWM3_IRQHandler
                0x00000000000005e4                __init_end__ = (__init_start__ + SIZEOF (.init))
                0x00000000000004ec                __init_size__ = SIZEOF (.init)
                0x00000000000005e4                __init_load_end__ = __init_end__
                0x0000000000000001                . = ASSERT (((__init_start__ == __init_end__) || ((__init_end__ - __FLASH_segment_start__) <= __FLASH_segment_size__)), error: .init is too large to fit in FLASH memory segment)
                0x00000000000005e4                __init_rodata_load_start__ = ALIGN (__init_end__, 0x4)

.init_rodata    0x00000000000005e4        0x0
                0x00000000000005e4                __init_rodata_start__ = .
 *(.init_rodata .init_rodata.*)
                0x00000000000005e4                __init_rodata_end__ = (__init_rodata_start__ + SIZEOF (.init_rodata))
                0x0000000000000000                __init_rodata_size__ = SIZEOF (.init_rodata)
                0x00000000000005e4                __init_rodata_load_end__ = __init_rodata_end__
                0x0000000000000001                . = ASSERT (((__init_rodata_start__ == __init_rodata_end__) || ((__init_rodata_end__ - __FLASH_segment_start__) <= __FLASH_segment_size__)), error: .init_rodata is too large to fit in FLASH memory segment)
                0x00000000000005e4                __text_load_start__ = ALIGN (__init_rodata_end__, 0x4)

.text           0x00000000000005e4      0x33e
                0x00000000000005e4                __text_start__ = .
 *(.text .text.* .glue_7t .glue_7 .gnu.linkonce.t.* .gcc_except_table .ARM.extab* .gnu.linkonce.armextab.*)
 .glue_7        0x00000000000005e4        0x0 linker stubs
 .glue_7t       0x00000000000005e4        0x0 linker stubs
 .text.nrfx_coredep_delay_us
                0x00000000000005e4       0x30 Output/ZERO Debug/Obj/main.o
 .text.nrf_delay_ms
                0x0000000000000614       0x2a Output/ZERO Debug/Obj/main.o
 .text.main     0x000000000000063e       0x2c Output/ZERO Debug/Obj/main.o
                0x000000000000063e                main
 *fill*         0x000000000000066a        0x2 
 .text.nrf_gpio_pin_port_decode
                0x000000000000066c       0x2c Output/ZERO Debug/Obj/boards.o
 .text.nrf_gpio_cfg
                0x0000000000000698       0x62 Output/ZERO Debug/Obj/boards.o
 .text.nrf_gpio_cfg_output
                0x00000000000006fa       0x22 Output/ZERO Debug/Obj/boards.o
 .text.nrf_gpio_cfg_input
                0x000000000000071c       0x2c Output/ZERO Debug/Obj/boards.o
 .text.nrf_gpio_pin_set
                0x0000000000000748       0x28 Output/ZERO Debug/Obj/boards.o
 .text.nrf_gpio_pin_clear
                0x0000000000000770       0x28 Output/ZERO Debug/Obj/boards.o
 .text.nrf_gpio_pin_toggle
                0x0000000000000798       0x44 Output/ZERO Debug/Obj/boards.o
 .text.nrf_gpio_pin_write
                0x00000000000007dc       0x24 Output/ZERO Debug/Obj/boards.o
 .text.nrf_gpio_port_out_set
                0x0000000000000800       0x14 Output/ZERO Debug/Obj/boards.o
 .text.nrf_gpio_port_out_clear
                0x0000000000000814       0x14 Output/ZERO Debug/Obj/boards.o
 .text.bsp_board_led_off
                0x0000000000000828       0x24 Output/ZERO Debug/Obj/boards.o
                0x0000000000000828                bsp_board_led_off
 .text.bsp_board_leds_off
                0x000000000000084c       0x24 Output/ZERO Debug/Obj/boards.o
                0x000000000000084c                bsp_board_leds_off
 .text.bsp_board_led_invert
                0x0000000000000870       0x20 Output/ZERO Debug/Obj/boards.o
                0x0000000000000870                bsp_board_led_invert
 .text.bsp_board_leds_init
                0x0000000000000890       0x34 Output/ZERO Debug/Obj/boards.o
 .text.bsp_board_buttons_init
                0x00000000000008c4       0x34 Output/ZERO Debug/Obj/boards.o
 .text.bsp_board_init
                0x00000000000008f8       0x2a Output/ZERO Debug/Obj/boards.o
                0x00000000000008f8                bsp_board_init
                0x0000000000000922                __text_end__ = (__text_start__ + SIZEOF (.text))
                0x000000000000033e                __text_size__ = SIZEOF (.text)
                0x0000000000000922                __text_load_end__ = __text_end__

.vfp11_veneer   0x0000000100000000        0x0
 .vfp11_veneer  0x0000000100000000        0x0 linker stubs

.v4_bx          0x0000000100000000        0x0
 .v4_bx         0x0000000100000000        0x0 linker stubs

.iplt           0x0000000100000000        0x0
 .iplt          0x0000000100000000        0x0 Output/ZERO Debug/Obj/system_nrf52840.o
                0x0000000000000001                . = ASSERT (((__text_start__ == __text_end__) || ((__text_end__ - __FLASH_segment_start__) <= __FLASH_segment_size__)), error: .text is too large to fit in FLASH memory segment)
                0x0000000000000924                __dtors_load_start__ = ALIGN (__text_end__, 0x4)

.dtors          0x0000000000000924        0x0
                0x0000000000000924                __dtors_start__ = .
 *(SORT_BY_NAME(.dtors.*))
 *(.dtors)
 *(.fini_array)
 *(SORT_BY_NAME(.fini_array.*))
                0x0000000000000924                __dtors_end__ = (__dtors_start__ + SIZEOF (.dtors))
                0x0000000000000000                __dtors_size__ = SIZEOF (.dtors)
                0x0000000000000924                __dtors_load_end__ = __dtors_end__
                0x0000000000000001                . = ASSERT (((__dtors_start__ == __dtors_end__) || ((__dtors_end__ - __FLASH_segment_start__) <= __FLASH_segment_size__)), error: .dtors is too large to fit in FLASH memory segment)
                0x0000000000000924                __ctors_load_start__ = ALIGN (__dtors_end__, 0x4)

.ctors          0x0000000000000924        0x0
                0x0000000000000924                __ctors_start__ = .
 *(SORT_BY_NAME(.ctors.*))
 *(.ctors)
 *(.init_array)
 *(SORT_BY_NAME(.init_array.*))
                0x0000000000000924                __ctors_end__ = (__ctors_start__ + SIZEOF (.ctors))
                0x0000000000000000                __ctors_size__ = SIZEOF (.ctors)
                0x0000000000000924                __ctors_load_end__ = __ctors_end__
                0x0000000000000001                . = ASSERT (((__ctors_start__ == __ctors_end__) || ((__ctors_end__ - __FLASH_segment_start__) <= __FLASH_segment_size__)), error: .ctors is too large to fit in FLASH memory segment)
                0x0000000000000924                __rodata_load_start__ = ALIGN (__ctors_end__, 0x4)

.rodata         0x0000000000000924       0x1c
                0x0000000000000924                __rodata_start__ = .
 *(.rodata .rodata.* .gnu.linkonce.r.*)
 *fill*         0x0000000000000924        0xc 
 .rodata.delay_machine_code.7802
                0x0000000000000930        0x6 Output/ZERO Debug/Obj/main.o
 *fill*         0x0000000000000936        0x2 
 .rodata.m_board_led_list
                0x0000000000000938        0x4 Output/ZERO Debug/Obj/boards.o
 .rodata.m_board_btn_list
                0x000000000000093c        0x4 Output/ZERO Debug/Obj/boards.o
                0x0000000000000940                __rodata_end__ = (__rodata_start__ + SIZEOF (.rodata))
                0x000000000000001c                __rodata_size__ = SIZEOF (.rodata)
                0x0000000000000940                __rodata_load_end__ = __rodata_end__

.rel.dyn        0x0000000000000000        0x0
 .rel.iplt      0x0000000000000000        0x0 Output/ZERO Debug/Obj/system_nrf52840.o
                0x0000000000000001                . = ASSERT (((__rodata_start__ == __rodata_end__) || ((__rodata_end__ - __FLASH_segment_start__) <= __FLASH_segment_size__)), error: .rodata is too large to fit in FLASH memory segment)
                0x0000000000000940                __ARM.exidx_load_start__ = ALIGN (__rodata_end__, 0x4)

.ARM.exidx      0x0000000000000940        0x0
                0x0000000000000940                __ARM.exidx_start__ = .
                0x0000000000000940                __exidx_start = __ARM.exidx_start__
 *(.ARM.exidx .ARM.exidx.*)
                0x0000000000000940                __ARM.exidx_end__ = (__ARM.exidx_start__ + SIZEOF (.ARM.exidx))
                0x0000000000000000                __ARM.exidx_size__ = SIZEOF (.ARM.exidx)
                0x0000000000000940                __exidx_end = __ARM.exidx_end__
                0x0000000000000940                __ARM.exidx_load_end__ = __ARM.exidx_end__
                0x0000000000000001                . = ASSERT (((__ARM.exidx_start__ == __ARM.exidx_end__) || ((__ARM.exidx_end__ - __FLASH_segment_start__) <= __FLASH_segment_size__)), error: .ARM.exidx is too large to fit in FLASH memory segment)
                0x0000000000000940                __fast_load_start__ = ALIGN (__ARM.exidx_end__, 0x4)

.fast           0x0000000020000000        0x0 load address 0x0000000000000940
                0x0000000020000000                __fast_start__ = .
 *(.fast .fast.*)
                0x0000000020000000                __fast_end__ = (__fast_start__ + SIZEOF (.fast))
                0x0000000000000000                __fast_size__ = SIZEOF (.fast)
                0x0000000000000940                __fast_load_end__ = (__fast_load_start__ + SIZEOF (.fast))
                0x0000000000000001                . = ASSERT (((__fast_load_start__ == __fast_load_end__) || ((__fast_load_end__ - __FLASH_segment_start__) <= __FLASH_segment_size__)), error: .fast is too large to fit in FLASH memory segment)

.fast_run       0x0000000020000000        0x0
                0x0000000020000000                __fast_run_start__ = .
                0x0000000020000000                . = MAX ((__fast_run_start__ + SIZEOF (.fast)), .)
                0x0000000020000000                __fast_run_end__ = (__fast_run_start__ + SIZEOF (.fast_run))
                0x0000000000000000                __fast_run_size__ = SIZEOF (.fast_run)
                0x0000000020000000                __fast_run_load_end__ = __fast_run_end__
                0x0000000000000001                . = ASSERT (((__fast_run_start__ == __fast_run_end__) || ((__fast_run_end__ - __RAM_segment_start__) <= __RAM_segment_size__)), error: .fast_run is too large to fit in RAM memory segment)
                0x0000000000000940                __data_load_start__ = ALIGN ((__fast_load_start__ + SIZEOF (.fast)), 0x4)

.data           0x0000000020000000        0x4 load address 0x0000000000000940
                0x0000000020000000                __data_start__ = .
 *(.data .data.* .gnu.linkonce.d.*)
 .data.SystemCoreClock
                0x0000000020000000        0x4 Output/ZERO Debug/Obj/system_nrf52840.o
                0x0000000020000000                SystemCoreClock
                0x0000000020000004                __data_end__ = (__data_start__ + SIZEOF (.data))
                0x0000000000000004                __data_size__ = SIZEOF (.data)
                0x0000000000000944                __data_load_end__ = (__data_load_start__ + SIZEOF (.data))

.igot.plt       0x0000000100000000        0x0
 .igot.plt      0x0000000100000000        0x0 Output/ZERO Debug/Obj/system_nrf52840.o
                0x0000000000000001                . = ASSERT (((__data_load_start__ == __data_load_end__) || ((__data_load_end__ - __FLASH_segment_start__) <= __FLASH_segment_size__)), error: .data is too large to fit in FLASH memory segment)

.data_run       0x0000000020000000        0x4 load address 0x0000000000000940
                0x0000000020000000                __data_run_start__ = .
                0x0000000020000004                . = MAX ((__data_run_start__ + SIZEOF (.data)), .)
 *fill*         0x0000000020000000        0x4 
                0x0000000020000004                __data_run_end__ = (__data_run_start__ + SIZEOF (.data_run))
                0x0000000000000004                __data_run_size__ = SIZEOF (.data_run)
                0x0000000020000004                __data_run_load_end__ = __data_run_end__
                0x0000000000000001                . = ASSERT (((__data_run_start__ == __data_run_end__) || ((__data_run_end__ - __RAM_segment_start__) <= __RAM_segment_size__)), error: .data_run is too large to fit in RAM memory segment)
                0x0000000020000004                __bss_load_start__ = ALIGN (__data_run_end__, 0x4)

.bss            0x0000000020000004        0x0
                0x0000000020000004                __bss_start__ = .
 *(.bss .bss.* .gnu.linkonce.b.*)
 *(COMMON)
                0x0000000020000004                __bss_end__ = (__bss_start__ + SIZEOF (.bss))
                0x0000000000000000                __bss_size__ = SIZEOF (.bss)
                0x0000000020000004                __bss_load_end__ = __bss_end__
                0x0000000000000001                . = ASSERT (((__bss_start__ == __bss_end__) || ((__bss_end__ - __RAM_segment_start__) <= __RAM_segment_size__)), error: .bss is too large to fit in RAM memory segment)
                0x0000000020000004                __tbss_load_start__ = ALIGN (__bss_end__, 0x4)

.tbss           0x0000000020000004        0x0
                0x0000000020000004                __tbss_start__ = .
 *(.tbss .tbss.*)
                0x0000000020000004                __tbss_end__ = (__tbss_start__ + SIZEOF (.tbss))
                0x0000000000000000                __tbss_size__ = SIZEOF (.tbss)
                0x0000000020000004                __tbss_load_end__ = __tbss_end__
                0x0000000000000001                . = ASSERT (((__tbss_start__ == __tbss_end__) || ((__tbss_end__ - __RAM_segment_start__) <= __RAM_segment_size__)), error: .tbss is too large to fit in RAM memory segment)
                0x0000000000000944                __tdata_load_start__ = ALIGN ((__data_load_start__ + SIZEOF (.data)), 0x4)

.tdata          0x0000000020000004        0x0 load address 0x0000000000000944
                0x0000000020000004                __tdata_start__ = .
 *(.tdata .tdata.*)
                0x0000000020000004                __tdata_end__ = (__tdata_start__ + SIZEOF (.tdata))
                0x0000000000000000                __tdata_size__ = SIZEOF (.tdata)
                0x0000000000000944                __tdata_load_end__ = (__tdata_load_start__ + SIZEOF (.tdata))
                0x0000000000000944                __FLASH_segment_used_end__ = (ALIGN ((__data_load_start__ + SIZEOF (.data)), 0x4) + SIZEOF (.tdata))
                0x0000000000000944                __FLASH_segment_used_size__ = (__FLASH_segment_used_end__ - __FLASH_segment_start__)
                0x0000000000000001                . = ASSERT (((__tdata_load_start__ == __tdata_load_end__) || ((__tdata_load_end__ - __FLASH_segment_start__) <= __FLASH_segment_size__)), error: .tdata is too large to fit in FLASH memory segment)

.tdata_run      0x0000000020000004        0x0
                0x0000000020000004                __tdata_run_start__ = .
                0x0000000020000004                . = MAX ((__tdata_run_start__ + SIZEOF (.tdata)), .)
                0x0000000020000004                __tdata_run_end__ = (__tdata_run_start__ + SIZEOF (.tdata_run))
                0x0000000000000000                __tdata_run_size__ = SIZEOF (.tdata_run)
                0x0000000020000004                __tdata_run_load_end__ = __tdata_run_end__
                0x0000000000000001                . = ASSERT (((__tdata_run_start__ == __tdata_run_end__) || ((__tdata_run_end__ - __RAM_segment_start__) <= __RAM_segment_size__)), error: .tdata_run is too large to fit in RAM memory segment)
                0x0000000020000004                __non_init_load_start__ = ALIGN (__tdata_run_end__, 0x4)

.non_init       0x0000000020000004        0x0
                0x0000000020000004                __non_init_start__ = .
 *(.non_init .non_init.*)
                0x0000000020000004                __non_init_end__ = (__non_init_start__ + SIZEOF (.non_init))
                0x0000000000000000                __non_init_size__ = SIZEOF (.non_init)
                0x0000000020000004                __non_init_load_end__ = __non_init_end__
                0x0000000000000001                . = ASSERT (((__non_init_start__ == __non_init_end__) || ((__non_init_end__ - __RAM_segment_start__) <= __RAM_segment_size__)), error: .non_init is too large to fit in RAM memory segment)
                0x0000000020000004                __heap_load_start__ = ALIGN (__non_init_end__, 0x4)

.heap           0x0000000020000004     0x2000
                0x0000000020000004                __heap_start__ = .
 *(.heap .heap.*)
                0x0000000020002004                . = ALIGN (MAX ((__heap_start__ + __HEAPSIZE__), .), 0x4)
 *fill*         0x0000000020000004     0x2000 
                0x0000000020002004                __heap_end__ = (__heap_start__ + SIZEOF (.heap))
                0x0000000000002000                __heap_size__ = SIZEOF (.heap)
                0x0000000020002004                __heap_load_end__ = __heap_end__
                0x0000000000000001                . = ASSERT (((__heap_start__ == __heap_end__) || ((__heap_end__ - __RAM_segment_start__) <= __RAM_segment_size__)), error: .heap is too large to fit in RAM memory segment)
                0x000000002003e000                __stack_load_start__ = (__RAM_segment_start__ + (__RAM_segment_size__ - 0x2000))

.stack          0x000000002003e000     0x2000
                0x000000002003e000                __stack_start__ = .
 *(.stack .stack.*)
                0x0000000020040000                . = ALIGN (MAX ((__stack_start__ + __STACKSIZE__), .), 0x8)
 *fill*         0x000000002003e000     0x2000 
                0x0000000020040000                __stack_end__ = (__stack_start__ + SIZEOF (.stack))
                0x0000000000002000                __stack_size__ = SIZEOF (.stack)
                0x0000000020040000                __stack_load_end__ = __stack_end__
                0x0000000000000001                . = ASSERT (((__stack_start__ == __stack_end__) || ((__stack_end__ - __RAM_segment_start__) <= __RAM_segment_size__)), error: .stack is too large to fit in RAM memory segment)
                0x0000000000000001                . = ASSERT ((__heap_end__ <= __stack_start__), error: section .heap overlaps absolute placed section .stack)
                0x0000000020040000                __stack_process_load_start__ = ALIGN (__stack_end__, 0x8)

.stack_process  0x0000000020040000        0x0
                0x0000000020040000                __stack_process_start__ = .
 *(.stack_process .stack_process.*)
                0x0000000020040000                . = ALIGN (MAX ((__stack_process_start__ + __STACKSIZE_PROCESS__), .), 0x8)
                0x0000000020040000                __stack_process_end__ = (__stack_process_start__ + SIZEOF (.stack_process))
                0x0000000000000000                __stack_process_size__ = SIZEOF (.stack_process)
                0x0000000020040000                __stack_process_load_end__ = __stack_process_end__
                0x0000000020040000                __RAM_segment_used_end__ = (ALIGN (__stack_end__, 0x8) + SIZEOF (.stack_process))
                0x0000000000040000                __RAM_segment_used_size__ = (__RAM_segment_used_end__ - __RAM_segment_start__)
                0x0000000000000001                . = ASSERT (((__stack_process_start__ == __stack_process_end__) || ((__stack_process_end__ - __RAM_segment_start__) <= __RAM_segment_size__)), error: .stack_process is too large to fit in RAM memory segment)
START GROUP
LOAD Output/ZERO Debug/Obj/system_nrf52840.o
LOAD Output/ZERO Debug/Obj/SEGGER_RTT.o
LOAD Output/ZERO Debug/Obj/SEGGER_RTT_SES.o
LOAD Output/ZERO Debug/Obj/main.o
LOAD Output/ZERO Debug/Obj/thumb_crt0.o
LOAD Output/ZERO Debug/Obj/ses_nRF_Startup.o
LOAD Output/ZERO Debug/Obj/ses_nrf52840_Vectors.o
LOAD Output/ZERO Debug/Obj/boards.o
LOAD /Applications/SEGGER Embedded Studio for ARM 4.22/lib/libdebugio_mempoll_v7em_fpv4_sp_d16_hard_t_le_eabi.a
LOAD /Applications/SEGGER Embedded Studio for ARM 4.22/lib/libm_v7em_fpv4_sp_d16_hard_t_le_eabi.a
LOAD /Applications/SEGGER Embedded Studio for ARM 4.22/lib/libc_v7em_fpv4_sp_d16_hard_t_le_eabi.a
LOAD /Applications/SEGGER Embedded Studio for ARM 4.22/lib/libcpp_v7em_fpv4_sp_d16_hard_t_le_eabi.a
LOAD /Applications/SEGGER Embedded Studio for ARM 4.22/lib/libdebugio_v7em_fpv4_sp_d16_hard_t_le_eabi.a
LOAD /Applications/SEGGER Embedded Studio for ARM 4.22/lib/libvfprintf_v7em_fpv4_sp_d16_hard_t_le_eabi.o
LOAD /Applications/SEGGER Embedded Studio for ARM 4.22/lib/libvfscanf_v7em_fpv4_sp_d16_hard_t_le_eabi.o
END GROUP
OUTPUT(Output/Debug/Exe/ZERO.elf elf32-littlearm)

.debug_frame    0x0000000000000000      0x554
 .debug_frame   0x0000000000000000       0xac Output/ZERO Debug/Obj/system_nrf52840.o
 .debug_frame   0x00000000000000ac       0x80 Output/ZERO Debug/Obj/main.o
 .debug_frame   0x000000000000012c      0x428 Output/ZERO Debug/Obj/boards.o

.debug_info     0x0000000000000000     0x2723
 .debug_info    0x0000000000000000     0x1098 Output/ZERO Debug/Obj/system_nrf52840.o
 .debug_info    0x0000000000001098      0x76b Output/ZERO Debug/Obj/main.o
 .debug_info    0x0000000000001803       0x22 Output/ZERO Debug/Obj/thumb_crt0.o
 .debug_info    0x0000000000001825       0x26 Output/ZERO Debug/Obj/ses_nRF_Startup.o
 .debug_info    0x000000000000184b       0x26 Output/ZERO Debug/Obj/ses_nrf52840_Vectors.o
 .debug_info    0x0000000000001871      0xeb2 Output/ZERO Debug/Obj/boards.o

.debug_abbrev   0x0000000000000000      0x656
 .debug_abbrev  0x0000000000000000      0x1a8 Output/ZERO Debug/Obj/system_nrf52840.o
 .debug_abbrev  0x00000000000001a8      0x19f Output/ZERO Debug/Obj/main.o
 .debug_abbrev  0x0000000000000347       0x12 Output/ZERO Debug/Obj/thumb_crt0.o
 .debug_abbrev  0x0000000000000359       0x14 Output/ZERO Debug/Obj/ses_nRF_Startup.o
 .debug_abbrev  0x000000000000036d       0x14 Output/ZERO Debug/Obj/ses_nrf52840_Vectors.o
 .debug_abbrev  0x0000000000000381      0x2d5 Output/ZERO Debug/Obj/boards.o

.debug_pubnames
                0x0000000000000000      0x5cc
 .debug_pubnames
                0x0000000000000000       0xc9 Output/ZERO Debug/Obj/system_nrf52840.o
 .debug_pubnames
                0x00000000000000c9       0x46 Output/ZERO Debug/Obj/main.o
 .debug_pubnames
                0x000000000000010f      0x4bd Output/ZERO Debug/Obj/boards.o

.debug_pubtypes
                0x0000000000000000      0x557
 .debug_pubtypes
                0x0000000000000000      0x181 Output/ZERO Debug/Obj/system_nrf52840.o
 .debug_pubtypes
                0x0000000000000181      0x19a Output/ZERO Debug/Obj/main.o
 .debug_pubtypes
                0x000000000000031b      0x23c Output/ZERO Debug/Obj/boards.o

.debug_aranges  0x0000000000000000      0x248
 .debug_aranges
                0x0000000000000000       0x60 Output/ZERO Debug/Obj/system_nrf52840.o
 .debug_aranges
                0x0000000000000060       0x30 Output/ZERO Debug/Obj/main.o
 .debug_aranges
                0x0000000000000090       0x80 Output/ZERO Debug/Obj/thumb_crt0.o
 .debug_aranges
                0x0000000000000110       0x20 Output/ZERO Debug/Obj/ses_nRF_Startup.o
 .debug_aranges
                0x0000000000000130       0x20 Output/ZERO Debug/Obj/ses_nrf52840_Vectors.o
 .debug_aranges
                0x0000000000000150       0xf8 Output/ZERO Debug/Obj/boards.o

.debug_ranges   0x0000000000000000      0x1d0
 .debug_ranges  0x0000000000000000       0x50 Output/ZERO Debug/Obj/system_nrf52840.o
 .debug_ranges  0x0000000000000050       0x20 Output/ZERO Debug/Obj/main.o
 .debug_ranges  0x0000000000000070       0x78 Output/ZERO Debug/Obj/thumb_crt0.o
 .debug_ranges  0x00000000000000e8       0xe8 Output/ZERO Debug/Obj/boards.o

.debug_macro    0x0000000000000000    0x160d7
 .debug_macro   0x0000000000000000       0xac Output/ZERO Debug/Obj/system_nrf52840.o
 .debug_macro   0x00000000000000ac      0xacc Output/ZERO Debug/Obj/system_nrf52840.o
 .debug_macro   0x0000000000000b78      0x1a3 Output/ZERO Debug/Obj/system_nrf52840.o
 .debug_macro   0x0000000000000d1b       0x22 Output/ZERO Debug/Obj/system_nrf52840.o
 .debug_macro   0x0000000000000d3d       0x22 Output/ZERO Debug/Obj/system_nrf52840.o
 .debug_macro   0x0000000000000d5f       0x2d Output/ZERO Debug/Obj/system_nrf52840.o
 .debug_macro   0x0000000000000d8c       0x3b Output/ZERO Debug/Obj/system_nrf52840.o
 .debug_macro   0x0000000000000dc7       0x50 Output/ZERO Debug/Obj/system_nrf52840.o
 .debug_macro   0x0000000000000e17      0xe66 Output/ZERO Debug/Obj/system_nrf52840.o
 .debug_macro   0x0000000000001c7d      0x3f4 Output/ZERO Debug/Obj/system_nrf52840.o
 .debug_macro   0x0000000000002071     0xece4 Output/ZERO Debug/Obj/system_nrf52840.o
 .debug_macro   0x0000000000010d55      0xa48 Output/ZERO Debug/Obj/system_nrf52840.o
 .debug_macro   0x000000000001179d       0xb2 Output/ZERO Debug/Obj/system_nrf52840.o
 .debug_macro   0x000000000001184f       0x22 Output/ZERO Debug/Obj/system_nrf52840.o
 .debug_macro   0x0000000000011871      0x220 Output/ZERO Debug/Obj/main.o
 .debug_macro   0x0000000000011a91     0x1ede Output/ZERO Debug/Obj/main.o
 .debug_macro   0x000000000001396f       0x1c Output/ZERO Debug/Obj/main.o
 .debug_macro   0x000000000001398b      0x429 Output/ZERO Debug/Obj/main.o
 .debug_macro   0x0000000000013db4       0x52 Output/ZERO Debug/Obj/main.o
 .debug_macro   0x0000000000013e06      0xe54 Output/ZERO Debug/Obj/main.o
 .debug_macro   0x0000000000014c5a      0x14e Output/ZERO Debug/Obj/main.o
 .debug_macro   0x0000000000014da8       0x16 Output/ZERO Debug/Obj/main.o
 .debug_macro   0x0000000000014dbe      0x16d Output/ZERO Debug/Obj/main.o
 .debug_macro   0x0000000000014f2b      0x7ca Output/ZERO Debug/Obj/main.o
 .debug_macro   0x00000000000156f5       0x3f Output/ZERO Debug/Obj/main.o
 .debug_macro   0x0000000000015734       0x72 Output/ZERO Debug/Obj/main.o
 .debug_macro   0x00000000000157a6       0x8e Output/ZERO Debug/Obj/main.o
 .debug_macro   0x0000000000015834       0xa7 Output/ZERO Debug/Obj/main.o
 .debug_macro   0x00000000000158db       0x49 Output/ZERO Debug/Obj/main.o
 .debug_macro   0x0000000000015924       0x8c Output/ZERO Debug/Obj/main.o
 .debug_macro   0x00000000000159b0       0x19 Output/ZERO Debug/Obj/main.o
 .debug_macro   0x00000000000159c9       0x1d Output/ZERO Debug/Obj/main.o
 .debug_macro   0x00000000000159e6       0x35 Output/ZERO Debug/Obj/main.o
 .debug_macro   0x0000000000015a1b       0x7b Output/ZERO Debug/Obj/main.o
 .debug_macro   0x0000000000015a96       0x64 Output/ZERO Debug/Obj/main.o
 .debug_macro   0x0000000000015afa       0x20 Output/ZERO Debug/Obj/main.o
 .debug_macro   0x0000000000015b1a       0x1c Output/ZERO Debug/Obj/main.o
 .debug_macro   0x0000000000015b36      0x208 Output/ZERO Debug/Obj/main.o
 .debug_macro   0x0000000000015d3e      0x16d Output/ZERO Debug/Obj/main.o
 .debug_macro   0x0000000000015eab      0x216 Output/ZERO Debug/Obj/boards.o
 .debug_macro   0x00000000000160c1       0x16 Output/ZERO Debug/Obj/boards.o

.debug_line     0x0000000000000000     0x198d
 .debug_line    0x0000000000000000      0x4d9 Output/ZERO Debug/Obj/system_nrf52840.o
 .debug_line    0x00000000000004d9      0x74f Output/ZERO Debug/Obj/main.o
 .debug_line    0x0000000000000c28      0x1ca Output/ZERO Debug/Obj/thumb_crt0.o
 .debug_line    0x0000000000000df2       0x8a Output/ZERO Debug/Obj/ses_nRF_Startup.o
 .debug_line    0x0000000000000e7c       0xab Output/ZERO Debug/Obj/ses_nrf52840_Vectors.o
 .debug_line    0x0000000000000f27      0xa66 Output/ZERO Debug/Obj/boards.o

.debug_str      0x0000000000000000    0x7c2aa
 .debug_str     0x0000000000000000    0x62f26 Output/ZERO Debug/Obj/system_nrf52840.o
                                      0x63a07 (size before relaxing)
 .debug_str     0x0000000000062f26    0x18d96 Output/ZERO Debug/Obj/main.o
                                      0x7d7ce (size before relaxing)
 .debug_str     0x000000000007bcbc       0x3e Output/ZERO Debug/Obj/thumb_crt0.o
                                         0x61 (size before relaxing)
 .debug_str     0x000000000007bcfa       0x40 Output/ZERO Debug/Obj/ses_nRF_Startup.o
                                         0x71 (size before relaxing)
 .debug_str     0x000000000007bd3a       0x45 Output/ZERO Debug/Obj/ses_nrf52840_Vectors.o
                                         0x76 (size before relaxing)
 .debug_str     0x000000000007bd7f      0x52b Output/ZERO Debug/Obj/boards.o
                                      0x7dc7f (size before relaxing)

.comment        0x0000000000000000       0x43
 .comment       0x0000000000000000       0x43 Output/ZERO Debug/Obj/system_nrf52840.o
                                         0x44 (size before relaxing)
 .comment       0x0000000000000043       0x44 Output/ZERO Debug/Obj/main.o
 .comment       0x0000000000000043       0x44 Output/ZERO Debug/Obj/boards.o

.ARM.attributes
                0x0000000000000000       0x37
 .ARM.attributes
                0x0000000000000000       0x39 Output/ZERO Debug/Obj/system_nrf52840.o
 .ARM.attributes
                0x0000000000000039       0x39 Output/ZERO Debug/Obj/main.o
 .ARM.attributes
                0x0000000000000072       0x25 Output/ZERO Debug/Obj/thumb_crt0.o
 .ARM.attributes
                0x0000000000000097       0x25 Output/ZERO Debug/Obj/ses_nRF_Startup.o
 .ARM.attributes
                0x00000000000000bc       0x25 Output/ZERO Debug/Obj/ses_nrf52840_Vectors.o
 .ARM.attributes
                0x00000000000000e1       0x39 Output/ZERO Debug/Obj/boards.o
